##### h7 2026-10-01T06:43:21+00:00
$ docker build -t techstudy123/hitokoto-rehearsal:1.0 .
#0 building with "default" instance using docker driver

#1 [internal] load build definition from Dockerfile
#1 transferring dockerfile: 207B done
#1 DONE 0.0s

#2 [internal] load metadata for docker.io/library/python:3.14-slim
#2 DONE 0.0s

#3 [internal] load .dockerignore
#3 transferring context: 74B done
#3 DONE 0.0s

#4 [internal] load build context
#4 transferring context: 11.10kB done
#4 DONE 0.0s

#5 [1/5] FROM docker.io/library/python:3.14-slim@sha256:51dafde81dbdb6ebde285137a295cf18a47ca95234fe388a343719cb97305b3d
#5 resolve docker.io/library/python:3.14-slim@sha256:51dafde81dbdb6ebde285137a295cf18a47ca95234fe388a343719cb97305b3d 0.0s done
#5 DONE 0.0s

#6 [2/5] WORKDIR /app
#6 CACHED

#7 [3/5] COPY requirements.txt .
#7 CACHED

#8 [4/5] RUN pip install -r requirements.txt
#8 CACHED

#9 [5/5] COPY . .
#9 DONE 0.0s

#10 exporting to image
#10 exporting layers 0.0s done
#10 exporting manifest sha256:f02e5891fce156e847e7ba9d7f9c51de31a837cd3c812b88994782bc7ed9b7b0 done
#10 exporting config sha256:c479b9566e3a4f280a074b9ecf9d9127d3a05b100c201270e1992ff0c2f79ca1 done
#10 exporting attestation manifest sha256:47de174900265e8f2fb43cad0a21141f96e6286a09dbb875be95e817d8cfc908 done
#10 exporting manifest list sha256:0607fba3c469a34601587308a234fc5eb5f73d4f11e72e48bb838834390da90a done
#10 naming to docker.io/techstudy123/hitokoto-rehearsal:1.0 done
#10 unpacking to docker.io/techstudy123/hitokoto-rehearsal:1.0 done
#10 DONE 0.1s
[rc=0 1s]
$ docker images techstudy123/hitokoto-rehearsal
IMAGE                                 ID             DISK USAGE   CONTENT SIZE   EXTRA
techstudy123/hitokoto-rehearsal:1.0   0607fba3c469        444MB          117MB        
[rc=0 0s]
$ docker push techstudy123/hitokoto-rehearsal:1.0
The push refers to repository [docker.io/techstudy123/hitokoto-rehearsal]
6b37362b3da7: Waiting
8def98961a31: Waiting
5c21337b2448: Waiting
44136fa355b3: Already exists
c84fc8953df6: Waiting
ca40616c48af: Waiting
167b49cb2a40: Waiting
5c21337b2448: Layer already exists
ad232412d02e: Layer already exists
6b37362b3da7: Layer already exists
8def98961a31: Layer already exists
3e042af10558: Waiting
3e042af10558: Pushed
3fdea9c8e2e7: Waiting
ca40616c48af: Pushed
c84fc8953df6: Pushed
3fdea9c8e2e7: Pushed
167b49cb2a40: Pushed
1.0: digest: sha256:0607fba3c469a34601587308a234fc5eb5f73d4f11e72e48bb838834390da90a size: 856
[rc=0 4s]
$ docker rmi techstudy123/hitokoto-rehearsal:1.0
Untagged: techstudy123/hitokoto-rehearsal:1.0
Deleted: sha256:0607fba3c469a34601587308a234fc5eb5f73d4f11e72e48bb838834390da90a
[rc=0 0s]
$ docker run -d --name app -p 8000:8000 -e DB_HOST=none techstudy123/hitokoto-rehearsal:1.0
Unable to find image 'techstudy123/hitokoto-rehearsal:1.0' locally
1.0: Pulling from techstudy123/hitokoto-rehearsal
3fdea9c8e2e7: Pulling fs layer
3fdea9c8e2e7: Already exists
44136fa355b3: Already exists
3fdea9c8e2e7: Pull complete
c84fc8953df6: Download complete
Digest: sha256:0607fba3c469a34601587308a234fc5eb5f73d4f11e72e48bb838834390da90a
Status: Downloaded newer image for techstudy123/hitokoto-rehearsal:1.0
439b03a0f0aed8ac3dcd3a7843393c6bd38fa615fe1c0de00c2f532bc84169e8
[rc=0 1s]
<p class="lead">みんなのひとことを書き込もう（Compose で動いています）</p>
<p class="banner memory">データベースを使っていません（書き込みは、コンテナを消すと消えます）</p>
<input type="text" name="text" maxlength="140" placeholder="今日のひとこと（140字まで）" required>
<li>まだ書き込みはありません</li>
<footer>hitokoto 1.0</footer>
$ docker rm -f app
app
[rc=0 0s]
$ docker build -t techstudy123/hitokoto-rehearsal:1.1 .
#0 building with "default" instance using docker driver

#1 [internal] load build definition from Dockerfile
#1 transferring dockerfile: 207B done
#1 DONE 0.0s

#2 [internal] load metadata for docker.io/library/python:3.14-slim
#2 DONE 0.0s

#3 [internal] load .dockerignore
#3 transferring context: 74B done
#3 DONE 0.0s

#4 [internal] load build context
#4 transferring context: 2.04kB done
#4 DONE 0.0s

#5 [1/5] FROM docker.io/library/python:3.14-slim@sha256:51dafde81dbdb6ebde285137a295cf18a47ca95234fe388a343719cb97305b3d
#5 resolve docker.io/library/python:3.14-slim@sha256:51dafde81dbdb6ebde285137a295cf18a47ca95234fe388a343719cb97305b3d done
#5 DONE 0.0s

#6 [2/5] WORKDIR /app
#6 CACHED

#7 [3/5] COPY requirements.txt .
#7 CACHED

#8 [4/5] RUN pip install -r requirements.txt
#8 CACHED

#9 [5/5] COPY . .
#9 DONE 0.0s

#10 exporting to image
#10 exporting layers 0.0s done
#10 exporting manifest sha256:b7b3c768d9361031dd9ad6446907ffcbfd4631f3179dff5aacd8f952349c19a5 0.1s done
#10 exporting config sha256:7817410aa475191e292989779adb71e6d780c8b5b725def8674dce4453e28476
#10 exporting config sha256:7817410aa475191e292989779adb71e6d780c8b5b725def8674dce4453e28476 done
#10 exporting attestation manifest sha256:b0af8a34c7769b0033a234b54b0f8c86003ecbbd1bb3382d847c13b5001d5cc2 done
#10 exporting manifest list sha256:566fbebfb7ff54841a43a0f94a1b2aa0d7c04b22d598f1865bd966794a52d150 done
#10 naming to docker.io/techstudy123/hitokoto-rehearsal:1.1 done
#10 unpacking to docker.io/techstudy123/hitokoto-rehearsal:1.1 0.0s done
#10 DONE 0.1s
[rc=0 0s]
$ docker push techstudy123/hitokoto-rehearsal:1.1
The push refers to repository [docker.io/techstudy123/hitokoto-rehearsal]
167b49cb2a40: Layer already exists
30a43ff869ef: Waiting
44136fa355b3: Already exists
6b37362b3da7: Layer already exists
ad232412d02e: Layer already exists
8def98961a31: Layer already exists
18e053e43d8f: Waiting
5c21337b2448: Layer already exists
3e042af10558: Layer already exists
ca40616c48af: Waiting
18e053e43d8f: Waiting
ca40616c48af: Layer already exists
30a43ff869ef: Pushed
18e053e43d8f: Pushed
1.1: digest: sha256:566fbebfb7ff54841a43a0f94a1b2aa0d7c04b22d598f1865bd966794a52d150 size: 856
[rc=0 3s]
$ docker run -d --name app -p 8000:8000 -e DB_HOST=none techstudy123/hitokoto-rehearsal:1.1
3fabab40c8b66abadc27b1c91e1c2b9275d87333abe921b33382f7fb974a3f0b
[rc=0 0s]
<p class="lead">みんなのひとことを書き込もう（Compose で動いています）</p>
<p class="banner memory">データベースを使っていません（書き込みは、コンテナを消すと消えます）</p>
<input type="text" name="text" maxlength="140" placeholder="今日のひとこと（140字まで）" required>
<li>まだ書き込みはありません</li>
<footer>hitokoto 1.1</footer>
$ docker rm -f app
app
[rc=0 0s]
$ docker image inspect techstudy123/hitokoto-rehearsal:1.1 --format '{{json .RepoDigests}}'
["techstudy123/hitokoto-rehearsal@sha256:566fbebfb7ff54841a43a0f94a1b2aa0d7c04b22d598f1865bd966794a52d150"]
[rc=0 0s]
$ docker tag techstudy123/hitokoto-rehearsal:1.1 hitokoto:1.1
[rc=0 0s]
$ docker push hitokoto:1.1
The push refers to repository [docker.io/library/hitokoto]
5c21337b2448: Waiting
30a43ff869ef: Waiting
44136fa355b3: Waiting
6b37362b3da7: Waiting
5c21337b2448: Waiting
30a43ff869ef: Waiting
44136fa355b3: Waiting
6b37362b3da7: Waiting
6b37362b3da7: Waiting
5c21337b2448: Waiting
30a43ff869ef: Waiting
44136fa355b3: Waiting
push access denied, repository does not exist or may require authorization: server message: insufficient_scope: authorization failed
[rc=1 1s]
$ docker tag techstudy123/hitokoto-rehearsal:1.1 someone-else-xyz/hitokoto:1.1
[rc=0 0s]
$ docker push someone-else-xyz/hitokoto:1.1
The push refers to repository [docker.io/someone-else-xyz/hitokoto]
5c21337b2448: Waiting
6b37362b3da7: Waiting
44136fa355b3: Waiting
30a43ff869ef: Waiting
6b37362b3da7: Waiting
44136fa355b3: Waiting
30a43ff869ef: Waiting
5c21337b2448: Waiting
5c21337b2448: Waiting
6b37362b3da7: Waiting
44136fa355b3: Waiting
30a43ff869ef: Waiting
push access denied, repository does not exist or may require authorization: server message: insufficient_scope: authorization failed
[rc=1 0s]
$ docker logout
Removing login credentials for https://index.docker.io/v1/
[rc=0 0s]
$ docker tag techstudy123/hitokoto-rehearsal:1.1 techstudy123/hitokoto-rehearsal:1.1-logout
[rc=0 0s]
$ docker push techstudy123/hitokoto-rehearsal:1.1-logout
The push refers to repository [docker.io/techstudy123/hitokoto-rehearsal]
6b37362b3da7: Layer already exists
3e042af10558: Layer already exists
167b49cb2a40: Layer already exists
18e053e43d8f: Layer already exists
30a43ff869ef: Already exists
8def98961a31: Layer already exists
ad232412d02e: Layer already exists
ca40616c48af: Layer already exists
5c21337b2448: Layer already exists
44136fa355b3: Already exists
failed commit on ref "index-sha256:566fbebfb7ff54841a43a0f94a1b2aa0d7c04b22d598f1865bd966794a52d150": server message: insufficient_scope: authorization failed
[rc=1 0s]
$ printenv GHCR_TOKEN | docker login ghcr.io -u TechStudy123 --password-stdin

WARNING! Your credentials are stored unencrypted in '/home/vscode/.docker/config.json'.
Configure a credential helper to remove this warning. See
https://docs.docker.com/go/credential-store/

Login Succeeded
[rc=0 0s]
$ docker tag techstudy123/hitokoto-rehearsal:1.1 ghcr.io/techstudy123/hitokoto-rehearsal:1.1
[rc=0 0s]
$ docker push ghcr.io/techstudy123/hitokoto-rehearsal:1.1
The push refers to repository [ghcr.io/techstudy123/hitokoto-rehearsal]
30a43ff869ef: Waiting
6b37362b3da7: Waiting
5c21337b2448: Waiting
44136fa355b3: Waiting
5c21337b2448: Waiting
44136fa355b3: Waiting
30a43ff869ef: Waiting
6b37362b3da7: Waiting
5c21337b2448: Waiting
44136fa355b3: Waiting
30a43ff869ef: Waiting
6b37362b3da7: Waiting
30a43ff869ef: Waiting
8def98961a31: Waiting
44136fa355b3: Pushed
8def98961a31: Waiting
5c21337b2448: Pushed
ad232412d02e: Waiting
ad232412d02e: Waiting
6b37362b3da7: Pushed
3e042af10558: Waiting
3e042af10558: Waiting
ad232412d02e: Pushed
30a43ff869ef: Pushed
ca40616c48af: Waiting
167b49cb2a40: Waiting
18e053e43d8f: Waiting
ca40616c48af: Waiting
8def98961a31: Pushed
167b49cb2a40: Waiting
18e053e43d8f: Waiting
3e042af10558: Pushed
18e053e43d8f: Pushed
ca40616c48af: Pushed
167b49cb2a40: Pushed
1.1: digest: sha256:566fbebfb7ff54841a43a0f94a1b2aa0d7c04b22d598f1865bd966794a52d150 size: 856
[rc=0 5s]
$ docker logout ghcr.io
Removing login credentials for ghcr.io
[rc=0 0s]
$ printenv DH_TOKEN | docker login -u techstudy123 --password-stdin

WARNING! Your credentials are stored unencrypted in '/home/vscode/.docker/config.json'.
Configure a credential helper to remove this warning. See
https://docs.docker.com/go/credential-store/

Login Succeeded
[rc=0 0s]
##### end h7 2026-10-01T06:43:44+00:00
