##### h9 2026-10-01T06:48:27+00:00
$ docker compose -f /tmp/work/hitokoto/compose.yaml down -v
[rc=0 0s]
$ docker ps -a
CONTAINER ID   IMAGE         COMMAND    CREATED          STATUS                      PORTS     NAMES
88d3c432705a   hello-world   "/hello"   10 minutes ago   Exited (0) 10 minutes ago             silly_elbakyan
[rc=0 0s]
$ docker volume ls
DRIVER    VOLUME NAME
[rc=0 0s]
$ docker system df
TYPE            TOTAL     ACTIVE    SIZE      RECLAIMABLE
Images          13        1         3.694GB   3.066GB (82%)
Containers      1         0         4.096kB   4.096kB (100%)
Local Volumes   0         0         0B        0B
Build Cache     41        0         3.465GB   2.836GB
[rc=0 0s]
$ docker system prune -a -f
Deleted Containers:
88d3c432705a1d2b90a399c39e033b245d180d6fa8cf868974eb78310ee5aca6

Deleted Images:
untagged: techstudy123/hitokoto-rehearsal:1.1-logout
untagged: hitokoto:1.0
deleted: sha256:e5147f8b80b6671993de5e972585b9b02ce341f4ec4ed9941f7bf340f89f7d62
deleted: sha256:d9fc14542993635954522fb4b8f34ef1f11a5d99eb8ef62f14c92df727ad8a1d
deleted: sha256:c251e5bc1fcca9612d6aae3bcf2f8c0d5f2838c1e4ec34efdad2e040a00dce28
untagged: hitokoto:secret
deleted: sha256:78e92db07e224c70c913cd11fd4a9c5ceaa29718dff0d1abd9b88d98724a460a
deleted: sha256:bcbb994379dd2f7a49f35a1b2112e66ddc05aaaa612765f9f6c603e1f01d75ae
deleted: sha256:88abf1a3b33febe9309b7fa3479e9c9c6c2038f32519df7f294c8f7bec617a73
untagged: someone-else-xyz/hitokoto:1.1
untagged: techstudy123/hitokoto-rehearsal:1.1
untagged: techstudy123/hitokoto-rehearsal:2.0
untagged: hello-world:latest
deleted: sha256:5e23090353324d887c48ad5e5c56d294eab81588df9605b07d1afe895f9cc8f8
deleted: sha256:d1a8d0a4eeb63aff09f5f34d4d80505e0ba81905f36158cc3970d8e07179e59e
deleted: sha256:8e752a1cddeafc02597e756f4a0ec96e29f63ac4bc4af87682daf3f1de843bb7
untagged: hitokoto:2.0
deleted: sha256:6309b405f19a4842fb2917870e05d9152b35aa3a909269c62a3839c777bdd9a4
deleted: sha256:6c6b1b5c9eb979729b9dbc3eceb22a2026138f7a877e14bbd98a2dfa91a849de
deleted: sha256:12699b69e3b4e1212eb5c852ce05fb27591484ef73a387609231857e28ee5972
untagged: hitokoto:order
deleted: sha256:fce9700b368a3c191b13b9d2b84f60b1b442f56960b96dcce890f661c6683265
deleted: sha256:94f248bafee6e78cc36f28e331cbb62d932736745de3a26aae7b056da77c4b59
deleted: sha256:e4e0861e47ff7c7b565570abcd5265e5891632a52239931171f1d1178d7902ef
untagged: postgres:17
deleted: sha256:d74eeac9a635390a49bc21bd49fccd973de707e2a53a76ac49b552b8712ec46f
deleted: sha256:e31e3d5327d1806f6177827c9710643e4f35f7ab3f14d26d05332753d3e95ee0
deleted: sha256:2ca48abe6ef9fb9fda600a9198bddb14784a87cd653a364631916831168b938f
untagged: python:3.14-slim
untagged: ghcr.io/techstudy123/hitokoto-rehearsal:1.1
deleted: sha256:566fbebfb7ff54841a43a0f94a1b2aa0d7c04b22d598f1865bd966794a52d150
deleted: sha256:b0af8a34c7769b0033a234b54b0f8c86003ecbbd1bb3382d847c13b5001d5cc2
untagged: nginx:1.30
deleted: sha256:b972f831f200b19ef0767938224f9711e74cd783718738cd7405d5cabf75c442
deleted: sha256:3d2f995522ddb52c3a4eb8008b8fa26f184f7146851df1da831f88885ac40aae
deleted: sha256:1ac1424eec311cfd24945f7eec95a55c307b289eeef3828c3d66e783cd233d86
untagged: techstudy123/hitokoto-rehearsal:1.0
deleted: sha256:0607fba3c469a34601587308a234fc5eb5f73d4f11e72e48bb838834390da90a
deleted: sha256:f02e5891fce156e847e7ba9d7f9c51de31a837cd3c812b88994782bc7ed9b7b0
deleted: sha256:47de174900265e8f2fb43cad0a21141f96e6286a09dbb875be95e817d8cfc908
untagged: hitokoto-app:latest
deleted: sha256:a24c515396a31d20548bd43b616b31666f5cfec7b97d7b920a9b77801bb0bbcd
deleted: sha256:69134253d2c6cdb37dbe324a92179a9e36e7d9ee27e880a5985d6bf948aee0bb
deleted: sha256:72670c0a2cc29dbd462ed0a4620e1b93eede38409847f995a4d363494a3ee0c7
untagged: hitokoto:1.1
deleted: sha256:7144fd763817240d8a2c374e5670ca1687116bc55f30b6da2112238ef3bae986
deleted: sha256:b7b3c768d9361031dd9ad6446907ffcbfd4631f3179dff5aacd8f952349c19a5
deleted: sha256:bd9eacc5354dba0ce030d51c2b2c9926659af72bdafd7018962f292611bb525a
untagged: hitokoto:full
deleted: sha256:0e460f20d90f951182111256d1944a94da0f70338f9f63e28a261f094466b422
deleted: sha256:5d1d9ecf3d7e495ba0875fb9df204d5a6a99dfa7299036ff665bbe38decac247
deleted: sha256:443b68cbcd8885806a13c446c031f1a36df35e4d9d092918d623934fa761d0c4

Deleted build cache objects:
fnxgo11lbng6hq6e8w1fbhvuk
wfrb389uwigbktfdc7s99y383
gswpzaapamlihf12nj7lzkmre
v2ls5icnu8pzqtlr6egfkrepq
lqgw8txga8r89p07zbwefenpa
uizi57cv668svj28meec5h6kp
l5v0v54hf0x5njvygclbphs09
kiih2ydic2wsyuqcslbhbe4q7
l60gcqvjgkkwlbuszk7csezsi
ve6fqwf55fpn98g1gzeg773t4
jp3isvtkl2lghn7mdnk2cv7z4
aoda19yditj9u2rs2usxsiao2
36upo76ovucbknjee65zfbcoi
hzmzyqaqa4syhz2tip4c6q93u
xg72nj0yl5a2cfhudcz5liaq8
uqdtebq8niiko1skul6nlbsnf
t31cq4op2n4ihch82sjauq436
2rngrfgu8zxw5dnbi5hs2dw5z
3tw83wy300nqle42fqmfgvyv6
6vvtvh6la5rbn0k4u9h033iwc
wf5327eeswtnkbf0gtll01k8a
jhaqnnnzpsw18f0n5p9t71dog
orpit0iinhbrlx8zvdekqaedv
8vt5o95hgsjnvrxdqecbn03c4
slrv49b6t7cfyvznm5gihtn0j
b7monrc1ccbq5a17vn8c8z5wi
julepkoktj970znk60gkqfwo9
rfyo4xlq3gw6392q6lhtcpscj
88aqyz7n7urvbqtoy4xnn0jxt
4p0rox9fkl6k4gwns1hydw82x
8hgz3vf77jteyfg0nvbqjccz2
aui8cmnmly9ghlo043idxmfhx
i7gz1y1y3p9l1hwjbsp08mjt3
2f7al6ysiuwcb68ndckbdnbgu
tbxhls97q3ni5jl6jww25neph
mwkilnautwbfvihlwd50fsxu3
mo55x7iphc2p5jvlgot4lw8zm
nyh39pgi0916f8c6vo6uey6x7
eh9wdxdz8feoc880qet6h3a91
jyxxs40p3estzmn8a9lyja1za
w73u5l2qru1oyii2onrzesuvw

Total reclaimed space: 6.229GB
[rc=0 24s]
$ docker system df
TYPE            TOTAL     ACTIVE    SIZE      RECLAIMABLE
Images          0         0         0B        0B
Containers      0         0         0B        0B
Local Volumes   0         0         0B        0B
Build Cache     0         0         0B        0B
[rc=0 0s]
##### end h9 2026-10-01T06:48:52+00:00
